// Jest Snapshot v1, https://goo.gl/fbAQLP

exports[`my beverage  1`] = `
<div
  className="admin-footer"
>
  <div
    className="admin-footer-header"
  >
    <a
      onClick={[Function]}
    >
         COMPANY INFO 
    </a>
    <a
      onClick={[Function]}
    >
        CONTRIBUTORS 
    </a>
    <a
      onClick={[Function]}
    >
        NEWSLETTER 
    </a>
  </div>
  <div
    className="footer-wrapper"
  >
    <div
      className="footer-block"
    >
      <div
        className="footer-head"
      >
        <div
          className="sub-footer-head1"
        >
          <p>
            FOOTER MENU NAMES
          </p>
        </div>
        <div
          className="center-wrapper"
        >
          <div
            className="sub-footer-head2"
          >
            <p>
              HIDE/SHOW
            </p>
          </div>
          <div
            className="sub-footer-head3"
          >
            <p>
              ACTIONS
            </p>
          </div>
        </div>
      </div>
      <div
        className="sub-language-block"
      >
        <div
          className="sub-sub-footer-block"
          onClick={[Function]}
        >
          <p>
            ABOUT SPORTS HUB
          </p>
        </div>
        <div
          className="switch-icon-footer-block"
        >
          <label>
            <div
              className="custom-switch"
              style={
                Object {
                  "MozTransition": "opacity 0.25s",
                  "MozUserSelect": "none",
                  "WebkitTapHighlightColor": "rgba(0, 0, 0, 0)",
                  "WebkitTransition": "opacity 0.25s",
                  "WebkitUserSelect": "none",
                  "borderRadius": 10,
                  "direction": "ltr",
                  "display": "inline-block",
                  "msUserSelect": "none",
                  "opacity": 1,
                  "position": "relative",
                  "textAlign": "left",
                  "touchAction": "none",
                  "transition": "opacity 0.25s",
                  "userSelect": "none",
                }
              }
            >
              <div
                className="react-switch-bg"
                onClick={[Function]}
                onMouseDown={[Function]}
                style={
                  Object {
                    "MozTransition": "background 0.25s",
                    "WebkitTransition": "background 0.25s",
                    "background": "#rreeyy",
                    "borderRadius": 10,
                    "cursor": "pointer",
                    "height": 20,
                    "margin": 0,
                    "position": "relative",
                    "transition": "background 0.25s",
                    "width": 40,
                  }
                }
              />
              <div
                className="react-switch-handle"
                onClick={[Function]}
                onMouseDown={[Function]}
                onTouchCancel={[Function]}
                onTouchEnd={[Function]}
                onTouchMove={[Function]}
                onTouchStart={[Function]}
                style={
                  Object {
                    "MozTransition": "background-color 0.25s, transform 0.25s, box-shadow 0.15s",
                    "WebkitTransition": "background-color 0.25s, transform 0.25s, box-shadow 0.15s",
                    "background": "#F0F0F0",
                    "border": 0,
                    "borderRadius": "50%",
                    "boxShadow": "0 0 8px 0 rgba(0, 0, 0, 0.3)",
                    "cursor": "pointer",
                    "display": "inline-block",
                    "height": 15,
                    "outline": 0,
                    "position": "absolute",
                    "top": 2.5,
                    "transform": "translateX(2.5px)",
                    "transition": "background-color 0.25s, transform 0.25s, box-shadow 0.15s",
                    "width": 15,
                  }
                }
              />
              <input
                aria-checked={false}
                checked={false}
                disabled={false}
                name="check1"
                onBlur={[Function]}
                onChange={[Function]}
                onFocus={[Function]}
                onKeyUp={[Function]}
                role="switch"
                style={
                  Object {
                    "border": 0,
                    "clip": "rect(0 0 0 0)",
                    "height": 1,
                    "margin": -1,
                    "overflow": "hidden",
                    "padding": 0,
                    "position": "absolute",
                    "width": 1,
                  }
                }
                type="checkbox"
              />
            </div>
          </label>
          FaTrash/&gt;
        </div>
      </div>
      <div
        className="sub-language-block"
      >
        <div
          className="sub-sub-footer-block"
        >
          <p>
            News / In the Press
          </p>
        </div>
        <div
          className="switch-icon-footer-block"
        >
          <label>
            <div
              className="custom-switch"
              style={
                Object {
                  "MozTransition": "opacity 0.25s",
                  "MozUserSelect": "none",
                  "WebkitTapHighlightColor": "rgba(0, 0, 0, 0)",
                  "WebkitTransition": "opacity 0.25s",
                  "WebkitUserSelect": "none",
                  "borderRadius": 10,
                  "direction": "ltr",
                  "display": "inline-block",
                  "msUserSelect": "none",
                  "opacity": 1,
                  "position": "relative",
                  "textAlign": "left",
                  "touchAction": "none",
                  "transition": "opacity 0.25s",
                  "userSelect": "none",
                }
              }
            >
              <div
                className="react-switch-bg"
                onClick={[Function]}
                onMouseDown={[Function]}
                style={
                  Object {
                    "MozTransition": "background 0.25s",
                    "WebkitTransition": "background 0.25s",
                    "background": "#rreeyy",
                    "borderRadius": 10,
                    "cursor": "pointer",
                    "height": 20,
                    "margin": 0,
                    "position": "relative",
                    "transition": "background 0.25s",
                    "width": 40,
                  }
                }
              />
              <div
                className="react-switch-handle"
                onClick={[Function]}
                onMouseDown={[Function]}
                onTouchCancel={[Function]}
                onTouchEnd={[Function]}
                onTouchMove={[Function]}
                onTouchStart={[Function]}
                style={
                  Object {
                    "MozTransition": "background-color 0.25s, transform 0.25s, box-shadow 0.15s",
                    "WebkitTransition": "background-color 0.25s, transform 0.25s, box-shadow 0.15s",
                    "background": "#F0F0F0",
                    "border": 0,
                    "borderRadius": "50%",
                    "boxShadow": "0 0 8px 0 rgba(0, 0, 0, 0.3)",
                    "cursor": "pointer",
                    "display": "inline-block",
                    "height": 15,
                    "outline": 0,
                    "position": "absolute",
                    "top": 2.5,
                    "transform": "translateX(2.5px)",
                    "transition": "background-color 0.25s, transform 0.25s, box-shadow 0.15s",
                    "width": 15,
                  }
                }
              />
              <input
                aria-checked={false}
                checked={false}
                disabled={false}
                onBlur={[Function]}
                onChange={[Function]}
                onFocus={[Function]}
                onKeyUp={[Function]}
                role="switch"
                style={
                  Object {
                    "border": 0,
                    "clip": "rect(0 0 0 0)",
                    "height": 1,
                    "margin": -1,
                    "overflow": "hidden",
                    "padding": 0,
                    "position": "absolute",
                    "width": 1,
                  }
                }
                type="checkbox"
              />
            </div>
          </label>
          FaTrash/&gt;
        </div>
      </div>
      <div
        className="sub-language-block"
      >
        <div
          className="sub-sub-footer-block"
        >
          <p>
            Advertising / Sports Blogger Ad Network
          </p>
        </div>
        <div
          className="switch-icon-footer-block"
        >
          <label>
            <div
              className="custom-switch"
              style={
                Object {
                  "MozTransition": "opacity 0.25s",
                  "MozUserSelect": "none",
                  "WebkitTapHighlightColor": "rgba(0, 0, 0, 0)",
                  "WebkitTransition": "opacity 0.25s",
                  "WebkitUserSelect": "none",
                  "borderRadius": 10,
                  "direction": "ltr",
                  "display": "inline-block",
                  "msUserSelect": "none",
                  "opacity": 1,
                  "position": "relative",
                  "textAlign": "left",
                  "touchAction": "none",
                  "transition": "opacity 0.25s",
                  "userSelect": "none",
                }
              }
            >
              <div
                className="react-switch-bg"
                onClick={[Function]}
                onMouseDown={[Function]}
                style={
                  Object {
                    "MozTransition": "background 0.25s",
                    "WebkitTransition": "background 0.25s",
                    "background": "#rreeyy",
                    "borderRadius": 10,
                    "cursor": "pointer",
                    "height": 20,
                    "margin": 0,
                    "position": "relative",
                    "transition": "background 0.25s",
                    "width": 40,
                  }
                }
              />
              <div
                className="react-switch-handle"
                onClick={[Function]}
                onMouseDown={[Function]}
                onTouchCancel={[Function]}
                onTouchEnd={[Function]}
                onTouchMove={[Function]}
                onTouchStart={[Function]}
                style={
                  Object {
                    "MozTransition": "background-color 0.25s, transform 0.25s, box-shadow 0.15s",
                    "WebkitTransition": "background-color 0.25s, transform 0.25s, box-shadow 0.15s",
                    "background": "#F0F0F0",
                    "border": 0,
                    "borderRadius": "50%",
                    "boxShadow": "0 0 8px 0 rgba(0, 0, 0, 0.3)",
                    "cursor": "pointer",
                    "display": "inline-block",
                    "height": 15,
                    "outline": 0,
                    "position": "absolute",
                    "top": 2.5,
                    "transform": "translateX(2.5px)",
                    "transition": "background-color 0.25s, transform 0.25s, box-shadow 0.15s",
                    "width": 15,
                  }
                }
              />
              <input
                aria-checked={false}
                checked={false}
                disabled={false}
                onBlur={[Function]}
                onChange={[Function]}
                onFocus={[Function]}
                onKeyUp={[Function]}
                role="switch"
                style={
                  Object {
                    "border": 0,
                    "clip": "rect(0 0 0 0)",
                    "height": 1,
                    "margin": -1,
                    "overflow": "hidden",
                    "padding": 0,
                    "position": "absolute",
                    "width": 1,
                  }
                }
                type="checkbox"
              />
            </div>
          </label>
          FaTrash/&gt;
        </div>
      </div>
      <div
        className="sub-language-block"
      >
        <div
          className="sub-sub-footer-block"
        >
          <p>
            Events
          </p>
        </div>
        <div
          className="switch-icon-footer-block"
        >
          <label>
            <div
              className="custom-switch"
              style={
                Object {
                  "MozTransition": "opacity 0.25s",
                  "MozUserSelect": "none",
                  "WebkitTapHighlightColor": "rgba(0, 0, 0, 0)",
                  "WebkitTransition": "opacity 0.25s",
                  "WebkitUserSelect": "none",
                  "borderRadius": 10,
                  "direction": "ltr",
                  "display": "inline-block",
                  "msUserSelect": "none",
                  "opacity": 1,
                  "position": "relative",
                  "textAlign": "left",
                  "touchAction": "none",
                  "transition": "opacity 0.25s",
                  "userSelect": "none",
                }
              }
            >
              <div
                className="react-switch-bg"
                onClick={[Function]}
                onMouseDown={[Function]}
                style={
                  Object {
                    "MozTransition": "background 0.25s",
                    "WebkitTransition": "background 0.25s",
                    "background": "#rreeyy",
                    "borderRadius": 10,
                    "cursor": "pointer",
                    "height": 20,
                    "margin": 0,
                    "position": "relative",
                    "transition": "background 0.25s",
                    "width": 40,
                  }
                }
              />
              <div
                className="react-switch-handle"
                onClick={[Function]}
                onMouseDown={[Function]}
                onTouchCancel={[Function]}
                onTouchEnd={[Function]}
                onTouchMove={[Function]}
                onTouchStart={[Function]}
                style={
                  Object {
                    "MozTransition": "background-color 0.25s, transform 0.25s, box-shadow 0.15s",
                    "WebkitTransition": "background-color 0.25s, transform 0.25s, box-shadow 0.15s",
                    "background": "#F0F0F0",
                    "border": 0,
                    "borderRadius": "50%",
                    "boxShadow": "0 0 8px 0 rgba(0, 0, 0, 0.3)",
                    "cursor": "pointer",
                    "display": "inline-block",
                    "height": 15,
                    "outline": 0,
                    "position": "absolute",
                    "top": 2.5,
                    "transform": "translateX(2.5px)",
                    "transition": "background-color 0.25s, transform 0.25s, box-shadow 0.15s",
                    "width": 15,
                  }
                }
              />
              <input
                aria-checked={false}
                checked={false}
                disabled={false}
                onBlur={[Function]}
                onChange={[Function]}
                onFocus={[Function]}
                onKeyUp={[Function]}
                role="switch"
                style={
                  Object {
                    "border": 0,
                    "clip": "rect(0 0 0 0)",
                    "height": 1,
                    "margin": -1,
                    "overflow": "hidden",
                    "padding": 0,
                    "position": "absolute",
                    "width": 1,
                  }
                }
                type="checkbox"
              />
            </div>
          </label>
          FaTrash/&gt;
        </div>
      </div>
      <div
        className="sub-language-block"
      >
        <div
          className="sub-sub-footer-block"
          onClick={[Function]}
        >
          <p>
            Contact Us
          </p>
        </div>
        <div
          className="switch-icon-footer-block"
        >
          <label>
            <div
              className="custom-switch"
              style={
                Object {
                  "MozTransition": "opacity 0.25s",
                  "MozUserSelect": "none",
                  "WebkitTapHighlightColor": "rgba(0, 0, 0, 0)",
                  "WebkitTransition": "opacity 0.25s",
                  "WebkitUserSelect": "none",
                  "borderRadius": 10,
                  "direction": "ltr",
                  "display": "inline-block",
                  "msUserSelect": "none",
                  "opacity": 1,
                  "position": "relative",
                  "textAlign": "left",
                  "touchAction": "none",
                  "transition": "opacity 0.25s",
                  "userSelect": "none",
                }
              }
            >
              <div
                className="react-switch-bg"
                onClick={[Function]}
                onMouseDown={[Function]}
                style={
                  Object {
                    "MozTransition": "background 0.25s",
                    "WebkitTransition": "background 0.25s",
                    "background": "#rreeyy",
                    "borderRadius": 10,
                    "cursor": "pointer",
                    "height": 20,
                    "margin": 0,
                    "position": "relative",
                    "transition": "background 0.25s",
                    "width": 40,
                  }
                }
              />
              <div
                className="react-switch-handle"
                onClick={[Function]}
                onMouseDown={[Function]}
                onTouchCancel={[Function]}
                onTouchEnd={[Function]}
                onTouchMove={[Function]}
                onTouchStart={[Function]}
                style={
                  Object {
                    "MozTransition": "background-color 0.25s, transform 0.25s, box-shadow 0.15s",
                    "WebkitTransition": "background-color 0.25s, transform 0.25s, box-shadow 0.15s",
                    "background": "#F0F0F0",
                    "border": 0,
                    "borderRadius": "50%",
                    "boxShadow": "0 0 8px 0 rgba(0, 0, 0, 0.3)",
                    "cursor": "pointer",
                    "display": "inline-block",
                    "height": 15,
                    "outline": 0,
                    "position": "absolute",
                    "top": 2.5,
                    "transform": "translateX(2.5px)",
                    "transition": "background-color 0.25s, transform 0.25s, box-shadow 0.15s",
                    "width": 15,
                  }
                }
              />
              <input
                aria-checked={false}
                checked={false}
                disabled={false}
                onBlur={[Function]}
                onChange={[Function]}
                onFocus={[Function]}
                onKeyUp={[Function]}
                role="switch"
                style={
                  Object {
                    "border": 0,
                    "clip": "rect(0 0 0 0)",
                    "height": 1,
                    "margin": -1,
                    "overflow": "hidden",
                    "padding": 0,
                    "position": "absolute",
                    "width": 1,
                  }
                }
                type="checkbox"
              />
            </div>
          </label>
          FaTrash/&gt;
        </div>
      </div>
    </div>
    <div
      className="contact-us-a"
    >
      <div
        className="footer-head"
      >
        <div
          className="sub-footer-head1"
        >
          <p>
            ABOUT SPORTS HUB
          </p>
        </div>
        <div
          className="center-wrapper"
        >
          <div
            className="sub-footer-head2"
          >
            <p />
          </div>
          <div
            className="sub-footer-head3"
          >
            <p />
          </div>
        </div>
      </div>
      <div
        className="input-wrapper-a"
      >
        <label
          className="textLabelfoot"
        >
          <p
            className="txt-const"
          >
            HEADLINE
          </p>
          <input
            className="textInput"
            name="HeadLine"
            type="text"
          />
        </label>
      </div>
    </div>
    <div
      className="footer-block1"
    >
      <div
        className="footer-head"
      >
        <div
          className="sub-footer-head1"
        >
          <p>
            PRIVACY AND TERMS
          </p>
        </div>
        <div
          className="center-wrapper"
        >
          <div
            className="sub-footer-head2"
          >
            <p />
          </div>
          <div
            className="sub-footer-head3"
          >
            <p />
          </div>
        </div>
      </div>
      <div
        className="sub-language-block"
      >
        <div
          className="sub-sub-footer-block"
          onClick={[Function]}
        >
          <p>
            Privacy policy
          </p>
        </div>
      </div>
      <div
        className="sub-language-block"
      >
        <div
          className="sub-sub-footer-block"
        >
          <p>
            Terms and contidions
          </p>
        </div>
      </div>
    </div>
  </div>
</div>
`;
