// Jest Snapshot v1, https://goo.gl/fbAQLP

exports[`MainFooterContactUs test MainFooterContactUs should match snapshot 1`] = `
<div
  className="main-part-footer"
>
  <h1>
    some headline from db
  </h1>
  <p>
    address from db
  </p>
  <p>
    Tel from db
  </p>
  <p>
    Email from db
  </p>
</div>
`;
